
[1mtitle 1[m

    definition 1

[1mtitle 2[m
    definition 2

    definition 3, par 1

    definition 3, par 2 line 2

    definition 3, tab

      • definition 3, li

    definition 4

    definition 5, par 1

    definition 5, par 2

p

[1mdt[m
    dd dd part 2
    dd 2

not a dl because : title must be one line
