[1m[4m#[24m good[m

┌──────┬─────────┬─────────────┐
│  [1ma[m   │         │[1mhi world test[m│
├──────┼─────────┼─────────────┤
│test -│test test│a            │
└──────┴─────────┴─────────────┘
┌────┬─────┐
│[1mthis[m│[1mis ok[m│
└────┴─────┘
┌─┬─┐
│[1ma[m│[1mb[m│
└─┴─┘
┌─┐
│[1ma[m│
└─┘
┌─┐
│[1ma[m│
└─┘
┌─┐
│[1ma[m│
└─┘
┌─┬─┐
│[1ma[m│[1mb[m│
├─┼─┤
│a│ │
├─┼─┤
│a│ │
├─┼─┤
│a│b│
├─┼─┤
│a│b│
├─┼─┤
│a│b│
└─┴─┘

[1m[4m#[24m bad[m

[1m[4m##[24m a[m

test hi | world -- | -- hi | world

wrong|delimiter row is a list

  • | -

┌─────────┬─────────────────┐
│[1mmultiline[m│[1misn't allowed T-T[m│
└─────────┴─────────────────┘

hi
second line| world
