[48;2;255;0;0mtest                [49m
[48;2;255;0;0m                    [49m
[48;2;255;0;0m                    [49m
[48;2;255;0;0mtest           right[49m
[48;2;255;0;0mtest                [49m
[48;2;255;0;0m                    [49m
[48;2;255;0;0m                    [49m
[48;2;255;0;0m               right[49m
[48;2;255;0;0mtest                [49m
[48;2;255;0;0m                    [49m
[48;2;0;0;255m               right[49m
[48;2;0;0;255m                    [49m
[48;2;0;0;255mtest                [49m
