          first
          second
          third
 fourth
[48;2;0;0;255m                                                                                [49m
[48;2;0;0;255m                                                                                [49m
[48;2;0;0;255m                                                                                [49m
[48;2;0;0;255m                                                                                [49m
fifth
[48;2;0;0;255m                                                                                [49m
[48;2;0;0;255m                                                                                [49m
[48;2;0;0;255m                                                                                [49m
[48;2;0;0;255m                                                                                [49m
[48;2;0;0;255m                                                                                [49m
[48;2;0;0;255m                                                                                [49m
sixth
