[48;2;255;0;0m                    test                [49m
[48;2;255;0;0m                    test                [49m
[48;2;255;0;0m                    test                [49m
[48;2;255;0;0m                    test                [49m
[48;2;255;0;0m                    test                [49m
[48;2;255;0;0m                    test                [49m
[48;2;255;0;0m                    test                [49m
[48;2;255;0;0m                    test                [49m
