[48;2;255;0;0mtest      [48;2;0;0;255m                                                                      [49m
[48;2;255;0;0m          [48;2;0;0;255m                                                                      [49m
[48;2;255;0;0m          [48;2;0;0;255m                                                                      [49m
[48;2;255;0;0m          [48;2;0;0;255m                                                                      [49m
[48;2;255;0;0m          [48;2;0;0;255m                                                                      [49m
[48;2;255;0;0m          [48;2;0;0;255m                                                                      [49m
[48;2;255;0;0m          [48;2;0;0;255m                                                                      [49m
[48;2;255;0;0m          [48;2;0;0;255m                                                                      [49m
[48;2;255;0;0m          [48;2;0;0;255m                                                                      [49m
[48;2;255;0;0m          [48;2;0;0;255m                                                                      [49m
test
