[48;2;0;0;0m                                                                                [49m
[48;2;0;0;0m  [38;2;255;40;40m• test[39m                                                                        [49m
[48;2;0;0;0m  [38;2;88;87;255m• test[39m                                                                        [49m
[48;2;0;0;0m  [38;2;41;169;42m• test[39m                                                                        [49m
[48;2;0;0;0m  [38;2;88;87;255m• test[39m                                                                        [49m
[48;2;0;0;0m  [38;2;41;169;42m• test[39m                                                                        [49m
[48;2;0;0;0m                                                                                [49m
[48;2;0;0;0m  [38;2;255;192;203m• test[39m                                                                        [49m
[48;2;0;0;0m  [38;2;240;248;255m• test[39m                                                                        [49m
[48;2;0;0;0m  [38;2;0;255;0m• test[39m                                                                        [49m
[48;2;0;0;0m  [38;2;240;248;255m• test[39m                                                                        [49m
[48;2;0;0;0m  [38;2;0;255;0m• test[39m                                                                        [49m
[48;2;0;0;0m                                                                                [49m
[48;2;0;0;0m [38;2;41;169;42m1. test[39m                                                                        [49m
[48;2;0;0;0m [38;2;88;87;255m2. test[39m                                                                        [49m
[48;2;0;0;0m [38;2;41;169;42m3. test[39m                                                                        [49m
[48;2;0;0;0m [38;2;88;87;255m4. test[39m                                                                        [49m
[48;2;0;0;0m [38;2;255;40;40m5. test[39m                                                                        [49m
[48;2;0;0;0m                                                                                [49m
[48;2;0;0;0m [38;2;0;255;0m1. test[39m                                                                        [49m
[48;2;0;0;0m [38;2;240;248;255m2. test[39m                                                                        [49m
[48;2;0;0;0m [38;2;0;255;0m3. test[39m                                                                        [49m
[48;2;0;0;0m [38;2;240;248;255m4. test[39m                                                                        [49m
[48;2;0;0;0m [38;2;255;192;203m5. test[39m                                                                        [49m
[48;2;0;0;0m                                                                                [49m
[48;2;0;0;0m [38;2;255;255;255m1. test[39m                                                                        [49m
[48;2;0;0;0m [38;2;41;169;42m2. test[39m                                                                        [49m
[48;2;0;0;0m [38;2;255;40;40m3. test[39m                                                                        [49m
[48;2;0;0;0m [38;2;41;169;42m4. test[39m                                                                        [49m
[48;2;0;0;0m [38;2;255;40;40m5. test[39m                                                                        [49m
