[38;2;0;128;0m[48;2;0;0;0mgreen[39m                                                                           [49m
[48;2;0;0;0m                                                                                [49m
[48;2;0;0;0m  [38;2;255;0;0m• test[39m                                                                        [49m
[48;2;0;0;0m  [38;2;0;0;255m• test[39m                                                                        [49m
[48;2;0;0;0m  [38;2;0;128;0m• test[39m                                                                        [49m
[48;2;0;0;0m  [38;2;0;0;255m• test[39m                                                                        [49m
[48;2;0;0;0m  [38;2;0;128;0m• test[39m                                                                        [49m
[48;2;0;0;0m                                                                                [49m
[48;2;0;0;0m  [38;2;255;192;203m• test[39m                                                                        [49m
[48;2;0;0;0m  [38;2;240;248;255m• test[39m                                                                        [49m
[48;2;0;0;0m  [38;2;0;255;0m• test[39m                                                                        [49m
[48;2;0;0;0m  [38;2;240;248;255m• test[39m                                                                        [49m
[48;2;0;0;0m  [38;2;0;255;0m• test[39m                                                                        [49m
[48;2;0;0;0m                                                                                [49m
[48;2;0;0;0m [38;2;0;128;0m1. test[39m                                                                        [49m
[48;2;0;0;0m [38;2;0;0;255m2. test[39m                                                                        [49m
[48;2;0;0;0m [38;2;0;128;0m3. test[39m                                                                        [49m
[48;2;0;0;0m [38;2;0;0;255m4. test[39m                                                                        [49m
[48;2;0;0;0m [38;2;255;0;0m5. test[39m                                                                        [49m
[48;2;0;0;0m                                                                                [49m
[48;2;0;0;0m [38;2;0;255;0m1. test[39m                                                                        [49m
[48;2;0;0;0m [38;2;240;248;255m2. test[39m                                                                        [49m
[48;2;0;0;0m [38;2;0;255;0m3. test[39m                                                                        [49m
[48;2;0;0;0m [38;2;240;248;255m4. test[39m                                                                        [49m
[48;2;0;0;0m [38;2;255;192;203m5. test[39m                                                                        [49m
[48;2;0;0;0m                                                                                [49m
[48;2;0;0;0m [38;2;255;255;255m1. test[39m                                                                        [49m
[48;2;0;0;0m [38;2;0;128;0m2. test[39m                                                                        [49m
[48;2;0;0;0m [38;2;255;0;0m3. test[39m                                                                        [49m
[48;2;0;0;0m [38;2;0;128;0m4. test[39m                                                                        [49m
[48;2;0;0;0m [38;2;255;0;0m5. test[39m                                                                        [49m
