 row 1, cell 1                               row 1, cell 3
 row 2, cell 1 rowspan 3 (centered on row 2) row 2, cell 3
 row 3, cell 1                               row 3, cell 3
━━━━━━━━━━━━━━━━━━━━━━━━━━━━━━━━━━━━━━━━━━━━━━━━━━━━━━━━━━━━
 one two three four five
━━━━━━━━━━━━━━━━━━━━━━━━━━━━━━━━━━━━━━━━━━━━━━━━━━━━━━━━━━━━
     two
 one four three five
━━━━━━━━━━━━━━━━━━━━━━━━━━━━━━━━━━━━━━━━━━━━━━━━━━━━━━━━━━━━
 a [48;2;0;0;255m [49m [48;2;0;0;255m [49m
 d [48;2;0;0;255mb[49m [48;2;0;0;255mc[49m
 e   [48;2;0;0;255m [49m
