solid
┌────┬────┐
│[48;2;255;0;0mtest[49m│[48;2;0;128;0mtest[49m│
├────┼────┤
│test│[48;2;0;0;255mtest[49m│
└────┴────┘
dotted
┌┈┈┈┈┬┈┈┈┈┐
┊test┊test┊
├┈┈┈┈┼┈┈┈┈┤
┊test┊test┊
└┈┈┈┈┴┈┈┈┈┘
dashed
┌╌╌╌╌┬╌╌╌╌┐
╎test╎test╎
├╌╌╌╌┼╌╌╌╌┤
╎test╎test╎
└╌╌╌╌┴╌╌╌╌┘
double
╔════╦════╗
║test║test║
╠════╬════╣
║test║test║
╚════╩════╝
inset
╔════╦════╗
║test║test║
╠════╬════╣
║test║test║
╚════╩════╝
ridge (if collapsed, same as inset)
╔════╦════╗
║test║test║
╠════╬════╣
║test║test║
╚════╩════╝
outset
┏━━━━┳━━━━┓
┃test┃test┃
┣━━━━╋━━━━┫
┃test┃test┃
┗━━━━┻━━━━┛
groove (if collapsed, same as outset)
┏━━━━┳━━━━┓
┃test┃test┃
┣━━━━╋━━━━┫
┃test┃test┃
┗━━━━┻━━━━┛
