[48;2;255;0;0mred box                                                                         [49m
[48;2;255;0;0m                                                                                [49m
[48;2;255;0;0m                                                                                [49m
[48;2;255;0;0m                                                                                [49m
[48;2;255;0;0m                                                                                [49m
[48;2;255;0;0m                                                                                [49m
[48;2;255;0;0m                                                                                [49m
[48;2;255;0;0m                                                                                [49m
[48;2;255;0;0m                                                                                [49m
[48;2;255;0;0m                                                                                [49m
clear
inline
overflow
                                                                           right
